y23 = e90(c40(i21))
l84 = a37(p16, k95, t36)
q84 = g46(h55(w2), g67(z37, i21), o50, g31(w37, l31, p6))
l10 = d41(a37(p16, k95, t36))
j21 = h79(r40, m77, v46)
r31 = b78(u24, k74, x82, j71, z42)
n10 = d25(o60, o21)
